// Snapshot v1

exports[`Fake scenario > Fake step 1`] = `
{
  "cucum": "ber",
}
`;
