// Snapshot v1

exports[`parent > test 1`] = `
{
  "a": "a",
}
`;
